
> ai-world-ui@0.0.0 test:ui
> node ./node_modules/vitest/vitest.mjs run ErrorBoundary.test.tsx


[1m[46m RUN [49m[22m [36mv4.0.18 [39m[90mD:/github/World[39m

 [31m鉂?[39m src/components/ErrorBoundary.test.tsx [2m([22m[2m3 tests[22m[2m | [22m[31m3 failed[39m[2m)[22m[32m 43[2mms[22m[39m
[31m     [31m脳[31m renders children when there is no error[39m[32m 18[2mms[22m[39m
[31m     [31m脳[31m renders fallback UI when an error is thrown[39m[32m 14[2mms[22m[39m
[31m     [31m脳[31m allows resetting the error boundary[39m[32m 9[2mms[22m[39m

[2m Test Files [22m [1m[31m1 failed[39m[22m[90m (1)[39m
[2m      Tests [22m [1m[31m3 failed[39m[22m[90m (3)[39m
[2m   Start at [22m 09:55:40
[2m   Duration [22m 3.98s[2m (transform 62ms, setup 0ms, import 884ms, tests 43ms, environment 2.75s)[22m

